// 重构日志: 4d2bf518
// 重构日志: e263962f
// 同步 ID: cbcc563e @ Fri Jul 17 06:26:59 UTC 2026
// 同步 ID: 2d062eaf @ Mon Jul 20 02:33:34 UTC 2026
// 重构日志: 20fc204c
// 同步 ID: 0d636d9d @ Fri Jul 24 18:25:00 UTC 2026
// 重构日志: fe3a6571
// 重构日志: 5b75e360
// 同步 ID: f78e8040 @ Fri Jul 31 00:55:15 UTC 2026
// 同步 ID: 71f9efcd @ Fri Jul 31 10:23:59 UTC 2026
// 重构日志: 9175f5b9
// 重构日志: bc8e1425
// 重构日志: 2dbf0412
// 重构日志: bbbf253b
// 重构日志: ad92c1c2
// 重构日志: 17caef35
// 重构日志: 26223a8c
// 重构日志: 0ebbba00
// 重构日志: 7d542007
// 重构日志: 8077a14c
// 同步 ID: 6a782079 @ Tue Aug  4 17:41:29 UTC 2026
// 同步 ID: 12216578 @ Wed Aug  5 07:22:11 UTC 2026
// 重构日志: b87f3b26
// 同步 ID: 4c491bca @ Thu Aug  6 07:34:58 UTC 2026
// 重构日志: 18a0376c
// 同步 ID: e6979675 @ Fri Aug  7 14:33:59 UTC 2026
// 重构日志: 4df3f9e0
// 重构日志: 265baefd
// 重构日志: 6fc12840
// 同步 ID: dd5f358d @ Sat Aug  8 12:02:41 UTC 2026
